// Jest Snapshot v1, https://goo.gl/fbAQLP

exports[`VerifyOTP VerifyOTP: should render correctly 1`] = `
<ContextProvider
  value={
    Object {
      "setUser": [Function],
      "user": null,
    }
  }
>
  <VerifyOTP
    setSignupState={[MockFunction]}
  />
</ContextProvider>
`;
